// Jest Snapshot v1, https://goo.gl/fbAQLP

exports[`할일 목록을 확인할 수 있다. 1`] = `
<ol>
  <li>
    뭐라도 하기
    <button
      type="button"
    >
      완료
    </button>
  </li>
  <li>
    뭐라도 했니
    <button
      type="button"
    >
      완료
    </button>
  </li>
  <li>
    뭐라도 안하니
    <button
      type="button"
    >
      완료
    </button>
  </li>
</ol>
`;
